[templates.hibootstrap.com/pily/default/index.html]
[templates.hibootstrap.com/pily/default/assets/css/bootstrap.min.css]
[templates.hibootstrap.com/pily/default/assets/css/icofont.min.css]
[templates.hibootstrap.com/pily/default/assets/css/meanmenu.css]
[templates.hibootstrap.com/pily/default/assets/css/animate.min.css]
[templates.hibootstrap.com/pily/default/assets/css/odometer.min.css]
[templates.hibootstrap.com/pily/default/assets/css/owl.carousel.min.css]
[templates.hibootstrap.com/pily/default/assets/css/owl.theme.default.min.css]
[templates.hibootstrap.com/pily/default/assets/css/modal-video.min.css]
[templates.hibootstrap.com/pily/default/assets/css/nice-select.min.css]
[templates.hibootstrap.com/pily/default/assets/css/style.css]
[templates.hibootstrap.com/pily/default/assets/css/responsive.css]
[backblue.gif]
[fade.gif]
[index.html]
[templates.hibootstrap.com/pily/default/assets/css/theme-dark.css]
[templates.hibootstrap.com/pily/default/assets/images/favicon.png]
[ajax.cloudflare.com/cdn-cgi/scripts/04b3eb47/cloudflare-static/mirage2.min.js]
[templates.hibootstrap.com/pily/default/assets/images/logo.png]
[templates.hibootstrap.com/pily/default/index-2.html]
[templates.hibootstrap.com/pily/default/index-3.html]
[templates.hibootstrap.com/pily/default/sign-in.html]
[templates.hibootstrap.com/pily/default/sign-up.html]
[templates.hibootstrap.com/pily/default/missions.html]
[templates.hibootstrap.com/pily/default/mission-details.html]
[templates.hibootstrap.com/pily/default/donation.html]
[templates.hibootstrap.com/pily/default/volunteer.html]
[templates.hibootstrap.com/pily/default/team.html]
[templates.hibootstrap.com/pily/default/testimonials.html]
[templates.hibootstrap.com/pily/default/faq.html]
[templates.hibootstrap.com/pily/default/404.html]
[templates.hibootstrap.com/pily/default/coming-soon.html]
[templates.hibootstrap.com/pily/default/privacy-policy.html]
[templates.hibootstrap.com/pily/default/terms-conditions.html]
[templates.hibootstrap.com/pily/default/about.html]
[templates.hibootstrap.com/pily/default/events.html]
[templates.hibootstrap.com/pily/default/event-details.html]
[templates.hibootstrap.com/pily/default/blog.html]
[templates.hibootstrap.com/pily/default/blog-details.html]
[templates.hibootstrap.com/pily/default/contact.html]
[templates.hibootstrap.com/pily/default/assets/images/banner/banner-shape1.png]
[templates.hibootstrap.com/pily/default/assets/images/banner/banner-shape2.png]
[templates.hibootstrap.com/pily/default/assets/images/banner/banner-main1.png]
[templates.hibootstrap.com/pily/default/assets/images/mission/mission-shape.png]
[templates.hibootstrap.com/pily/default/assets/images/mission/mission1.jpg]
[templates.hibootstrap.com/pily/default/assets/images/mission/mission2.jpg]
[templates.hibootstrap.com/pily/default/assets/images/mission/mission3.jpg]
[templates.hibootstrap.com/pily/default/assets/images/donate-shape2.png]
[templates.hibootstrap.com/pily/default/assets/images/signature.png]
[templates.hibootstrap.com/pily/default/assets/images/about-main.jpg]
[templates.hibootstrap.com/pily/default/assets/images/counter-shape2.png]
[templates.hibootstrap.com/pily/default/assets/images/ideology/ideology1.jpg]
[templates.hibootstrap.com/pily/default/assets/images/ideology/ideology2.jpg]
[templates.hibootstrap.com/pily/default/assets/images/ideology/ideology3.jpg]
[templates.hibootstrap.com/pily/default/assets/images/events/events1.jpg]
[templates.hibootstrap.com/pily/default/assets/images/events/events2.jpg]
[templates.hibootstrap.com/pily/default/assets/images/events/events3.jpg]
[templates.hibootstrap.com/pily/default/assets/images/events/events-main.jpg]
[templates.hibootstrap.com/pily/default/assets/images/testimonials1.jpg]
[templates.hibootstrap.com/pily/default/assets/images/testimonials2.jpg]
[templates.hibootstrap.com/pily/default/assets/images/testimonials3.jpg]
[templates.hibootstrap.com/pily/default/assets/images/blog/blog1.jpg]
[templates.hibootstrap.com/pily/default/assets/images/blog/blog-side1.jpg]
[templates.hibootstrap.com/pily/default/assets/images/blog/blog-side2.jpg]
[templates.hibootstrap.com/pily/default/assets/images/blog/blog-side3.jpg]
[templates.hibootstrap.com/pily/default/assets/images/logo-three.png]
[templates.hibootstrap.com/pily/default/assets/images/footer-events1.jpg]
[templates.hibootstrap.com/pily/default/assets/images/footer-events2.jpg]
[templates.hibootstrap.com/pily/default/assets/images/footer-events3.jpg]
[templates.hibootstrap.com/cdn-cgi/scripts/5c5dd728/cloudflare-static/email-decode.min.js]
[templates.hibootstrap.com/pily/default/assets/js/jquery.min.js]
[templates.hibootstrap.com/pily/default/assets/js/bootstrap.bundle.min.js]
[templates.hibootstrap.com/pily/default/assets/js/form-validator.min.js]
[templates.hibootstrap.com/pily/default/assets/js/contact-form-script.js]
[templates.hibootstrap.com/pily/default/assets/js/jquery.ajaxchimp.min.js]
[templates.hibootstrap.com/pily/default/assets/js/jquery.meanmenu.js]
[templates.hibootstrap.com/pily/default/assets/js/wow.min.js]
[templates.hibootstrap.com/pily/default/assets/js/odometer.min.js]
[templates.hibootstrap.com/pily/default/assets/js/jquery.appear.min.js]
[templates.hibootstrap.com/pily/default/assets/js/owl.carousel.min.js]
[templates.hibootstrap.com/pily/default/assets/js/jquery-modal-video.min.js]
[templates.hibootstrap.com/pily/default/assets/js/jquery.nice-select.min.js]
[templates.hibootstrap.com/pily/default/index.html]
[templates.hibootstrap.com/pily/default/assets/css/bootstrap.min.css]
[templates.hibootstrap.com/pily/default/assets/js/custom.js]
[templates.hibootstrap.com/pily/default/assets/fonts/icofont.woff2]
[templates.hibootstrap.com/pily/default/assets/css/icofont.min.css]
[templates.hibootstrap.com/pily/default/assets/css/meanmenu.css]
[templates.hibootstrap.com/pily/default/assets/css/animate.min.css]
[templates.hibootstrap.com/pily/default/assets/css/odometer.min.css]
[templates.hibootstrap.com/pily/default/assets/css/owl.video.play.png]
[templates.hibootstrap.com/pily/default/assets/css/owl.carousel.min.css]
[templates.hibootstrap.com/pily/default/assets/css/owl.theme.default.min.css]
[templates.hibootstrap.com/pily/default/assets/css/modal-video.min.css]
[templates.hibootstrap.com/pily/default/assets/css/nice-select.min.css]
[templates.hibootstrap.com/pily/default/assets/images/banner/banner-bg.jpg]
[templates.hibootstrap.com/pily/default/assets/images/donate-bg.jpg]
[templates.hibootstrap.com/pily/default/assets/images/donate-shape.png]
[templates.hibootstrap.com/pily/default/assets/images/volunteer-bg.jpg]
[templates.hibootstrap.com/pily/default/assets/fonts/icofont.woff]
[templates.hibootstrap.com/pily/default/assets/images/about-bg.png]
[templates.hibootstrap.com/pily/default/assets/images/counter-bg.jpg]
[templates.hibootstrap.com/pily/default/assets/images/subscribe-bg.jpg]
[templates.hibootstrap.com/pily/default/assets/images/footer-bg.jpg]
[templates.hibootstrap.com/pily/default/assets/images/banner/banner-bg2.jpg]
[templates.hibootstrap.com/pily/default/assets/images/election-bg.jpg]
[templates.hibootstrap.com/pily/default/assets/images/banner/countdown-bg.jpg]
[templates.hibootstrap.com/pily/default/assets/images/ideology-bg.jpg]
[templates.hibootstrap.com/pily/default/assets/images/page-title/page-title-bg.jpg]
[templates.hibootstrap.com/pily/default/assets/images/contact-bg.jpg]
[templates.hibootstrap.com/pily/default/assets/css/style.css]
[templates.hibootstrap.com/pily/default/assets/images/user-bg.jpg]
[templates.hibootstrap.com/pily/default/assets/css/responsive.css]
[templates.hibootstrap.com/pily/default/assets/images/night.png]
[templates.hibootstrap.com/pily/default/assets/css/theme-dark.css]
[templates.hibootstrap.com/pily/default/assets/images/sunny.png]
[templates.hibootstrap.com/pily/default/assets/images/logo-two.png]
[templates.hibootstrap.com/pily/default/assets/images/banner/banner-shape3.png]
[templates.hibootstrap.com/pily/default/assets/images/banner/banner-main2.png]
[templates.hibootstrap.com/pily/default/assets/images/banner/banner-main3.png]
[templates.hibootstrap.com/pily/default/assets/images/banner/banner-main4.png]
[templates.hibootstrap.com/pily/default/assets/images/about-shape1.png]
[templates.hibootstrap.com/pily/default/assets/images/about-main2.jpg]
[templates.hibootstrap.com/pily/default/assets/images/live-main.jpg]
[templates.hibootstrap.com/pily/default/assets/images/events/events4.jpg]
[templates.hibootstrap.com/pily/default/assets/images/events/events5.jpg]
[templates.hibootstrap.com/pily/default/index-2.html]
[templates.hibootstrap.com/pily/default/assets/images/events/events6.jpg]
[templates.hibootstrap.com/pily/default/assets/images/banner/banner-main5.png]
[templates.hibootstrap.com/pily/default/assets/images/banner/banner-main6.png]
[templates.hibootstrap.com/pily/default/assets/images/banner/banner-main7.png]
[templates.hibootstrap.com/pily/default/assets/images/about-main3.jpg]
[templates.hibootstrap.com/pily/default/assets/images/live-main2.jpg]
[templates.hibootstrap.com/pily/default/assets/images/campaign1.jpg]
[templates.hibootstrap.com/pily/default/assets/images/campaign2.jpg]
[templates.hibootstrap.com/pily/default/assets/images/campaign3.jpg]
[templates.hibootstrap.com/pily/default/assets/images/campaign4.jpg]
[templates.hibootstrap.com/pily/default/assets/images/ideology/ideology4.jpg]
[templates.hibootstrap.com/pily/default/assets/images/ideology/ideology5.jpg]
[templates.hibootstrap.com/pily/default/assets/images/ideology/ideology6.jpg]
[templates.hibootstrap.com/pily/default/assets/images/team/team1.jpg]
[templates.hibootstrap.com/pily/default/assets/images/team/team2.jpg]
[templates.hibootstrap.com/pily/default/assets/images/team/team3.jpg]
[templates.hibootstrap.com/pily/default/assets/images/team/team4.jpg]
[templates.hibootstrap.com/pily/default/index-3.html]
[templates.hibootstrap.com/pily/default/sign-in.html]
[templates.hibootstrap.com/pily/default/sign-up.html]
[templates.hibootstrap.com/pily/default/assets/images/page-title/title-shape.jpg]
[templates.hibootstrap.com/pily/default/assets/images/mission/mission4.jpg]
[templates.hibootstrap.com/pily/default/assets/images/mission/mission5.jpg]
[templates.hibootstrap.com/pily/default/assets/images/mission/mission6.jpg]
[templates.hibootstrap.com/pily/default/missions.html]
[templates.hibootstrap.com/pily/default/assets/images/mission/mission-details1.jpg]
[templates.hibootstrap.com/pily/default/assets/images/mission/mission-thumb1.jpg]
[templates.hibootstrap.com/pily/default/assets/images/mission/mission-thumb2.jpg]
[templates.hibootstrap.com/pily/default/assets/images/mission/mission-thumb3.jpg]
[templates.hibootstrap.com/pily/default/mission-details.html]
[templates.hibootstrap.com/pily/default/donation.html]
[templates.hibootstrap.com/pily/default/volunteer.html]
[templates.hibootstrap.com/pily/default/assets/images/team/team5.jpg]
[templates.hibootstrap.com/pily/default/assets/images/team/team6.jpg]
[templates.hibootstrap.com/pily/default/team.html]
[templates.hibootstrap.com/pily/default/testimonials.html]
[templates.hibootstrap.com/pily/default/assets/images/faq-main.jpg]
[templates.hibootstrap.com/pily/default/faq.html]
[templates.hibootstrap.com/pily/default/404.html]
[templates.hibootstrap.com/pily/default/coming-soon.html]
[templates.hibootstrap.com/pily/default/assets/images/rules-main.jpg]
[templates.hibootstrap.com/pily/default/privacy-policy.html]
[templates.hibootstrap.com/pily/default/terms-conditions.html]
[templates.hibootstrap.com/pily/default/about.html]
[templates.hibootstrap.com/pily/default/assets/images/events/events-main2.jpg]
[templates.hibootstrap.com/pily/default/events.html]
[templates.hibootstrap.com/pily/default/assets/images/events/event-details1.jpg]
[templates.hibootstrap.com/pily/default/event-details.html]
[templates.hibootstrap.com/pily/default/assets/images/blog/blog2.jpg]
[templates.hibootstrap.com/pily/default/assets/images/blog/blog3.jpg]
[templates.hibootstrap.com/pily/default/assets/images/blog/blog4.jpg]
[templates.hibootstrap.com/pily/default/assets/images/blog/blog5.jpg]
[templates.hibootstrap.com/pily/default/assets/images/blog/blog6.jpg]
[templates.hibootstrap.com/pily/default/assets/images/blog/blog7.jpg]
[templates.hibootstrap.com/pily/default/blog.html]
[templates.hibootstrap.com/pily/default/assets/images/blog/blog-details1.jpg]
[templates.hibootstrap.com/pily/default/assets/images/blog/comment1.jpg]
[templates.hibootstrap.com/pily/default/assets/images/blog/comment2.jpg]
[templates.hibootstrap.com/pily/default/assets/images/blog/news1.jpg]
[templates.hibootstrap.com/pily/default/assets/images/blog/news2.jpg]
[templates.hibootstrap.com/pily/default/assets/images/blog/news3.jpg]
[templates.hibootstrap.com/pily/default/assets/images/blog/blog-main1.jpg]
[templates.hibootstrap.com/pily/default/blog-details.html]
[templates.hibootstrap.com/pily/default/contact.html]
[templates.hibootstrap.com/pily/default/assets/css/owl.video.play.html]
